[     521ms] [ERROR] Failed to load resource: the server responded with a status of 401 () @ https://travel-tracking-2btfqgwi7-fanniem74s-projects.vercel.app/dashboard:0
[    1174ms] [ERROR] Loading the font 'https://k2mkucxia43oc7fa.public.blob.vercel-storage.com/front/fonts/space-mono/space-mono-v11-latin-regular.woff2' violates the following Content Security Policy directive: "font-src 'self' *.vercel.com *.gstatic.com vercel.live". The action has been blocked. @ https://vercel.com/login?next=%2Fsso-api%3Furl%3Dhttps%253A%252F%252Ftravel-tracking-2btfqgwi7-fanniem74s-projects.vercel.app%252Fdashboard%26nonce%3Dae53161f2fc9a10df72cdab134582772fa4b021b8697a0f7b8324b25b15116c3:76
[    1452ms] [LOG] %c
▲

 _____ _              _                    _   _             __
|_   _| |__   ___    / \   __ _  ___ _ __ | |_(_) ___       / /
  | | | '_ \ / _ \  / _ \ / _` |/ _ \ '_ \| __| |/ __|     / /
  | | | | | |  __/ / ___ \ (_| |  __/ | | | |_| | (__     /_/
  |_| |_| |_|\___|/_/   \_\__, |\___|_| |_|\__|_|\___|    (_)
                           |___/
 ___        __               _                   _                 _
|_ _|_ __  / _|_ __ __ _ ___| |_ _ __ _   _  ___| |_ _   _ _ __ ___
 | || '_ \| |_| '__/ _` / __| __| '__| | | |/ __| __| | | | '__/ _ \
 | || | | |  _| | | (_| \__ \ |_| |  | |_| | (__| |_| |_| | | |  __/
|___|_| |_|_| |_|  \__,_|___/\__|_|   \__,_|\___|\__|\__,_|_|  \___|
  

Hello!

- Open Source https://vercel.com/oss
- Careers https://vercel.com/careers
- Status https://vercel-status.com

 font-family: "Geist Mono", monospace; white-space: pre; line-height: 1; @ https://vercel.com/_next/static/chunks/1lqhfr_v8dbhg.js?dpl=dpl_42zvXPNRXY9Mm9bRWZu4usgZawTd:78
[    2399ms] [WARNING] [GSI_LOGGER]: Your client application uses one of the Google One Tap prompt UI status methods that may stop functioning when FedCM becomes mandatory. Refer to the migration guide to update your code accordingly and opt-in to FedCM to test your changes. Learn more: https://developers.google.com/identity/gsi/web/guides/fedcm-migration?s=dc#display_moment and https://developers.google.com/identity/gsi/web/guides/fedcm-migration?s=dc#skipped_moment @ https://accounts.google.com/gsi/client:84
[    2409ms] [ERROR] Not signed in with the identity provider. @ https://vercel.com/login?next=%2Fsso-api%3Furl%3Dhttps%253A%252F%252Ftravel-tracking-2btfqgwi7-fanniem74s-projects.vercel.app%252Fdashboard%26nonce%3Dae53161f2fc9a10df72cdab134582772fa4b021b8697a0f7b8324b25b15116c3:0
[    2754ms] [ERROR] Failed to load resource: the server responded with a status of 403 () @ https://vercel.com/api/jwt:0
[    2918ms] [WARNING] Deprecated API for given entry type. @ https://vercel.com/_next/static/chunks/2h_unza8lnix5.js?dpl=dpl_42zvXPNRXY9Mm9bRWZu4usgZawTd:18
[    4735ms] [ERROR] [GSI_LOGGER]: FedCM get() rejects with NetworkError: Error retrieving a token. @ https://vercel.com/_next/static/chunks/1aoj5261kol5f.js?dpl=dpl_42zvXPNRXY9Mm9bRWZu4usgZawTd:1
[    4869ms] [ERROR] Failed to load resource: the server responded with a status of 429 () @ https://o205439.ingest.sentry.io/api/1323670/envelope/?sentry_key=d00780d432ac4ccf882f60dd02062e14&sentry_version=7&sentry_client=sentry.javascript.browser%2F7.111.0:0
