[     122ms] [ERROR] Failed to load resource: the server responded with a status of 401 () @ https://travel-tracking-16uttxitz-fanniem74s-projects.vercel.app/auth/register:0
[     805ms] [ERROR] Loading the font 'https://k2mkucxia43oc7fa.public.blob.vercel-storage.com/front/fonts/space-mono/space-mono-v11-latin-regular.woff2' violates the following Content Security Policy directive: "font-src 'self' *.vercel.com *.gstatic.com vercel.live". The action has been blocked. @ https://vercel.com/login?next=%2Fsso-api%3Furl%3Dhttps%253A%252F%252Ftravel-tracking-16uttxitz-fanniem74s-projects.vercel.app%252Fauth%252Fregister%26nonce%3Dbcacd2a07ed1f6e1a29a6ab47a12685426446a2431a14c9d552cd451ce61f418:76
[    1003ms] [LOG] %c
▲

__  __                                     _            __
\ \/ /___  __  __   _________ _____       (_)_  _______/ /_
 \  / __ \/ / / /  / ___/ __ `/ __ \     / / / / / ___/ __/
 / / /_/ / /_/ /  / /__/ /_/ / / / /    / / /_/ (__  ) /_
/_/\____/\__,_/   \___/\__,_/_/ /_/  __/ /\__,_/____/\__/
         __    _          __  __    /___/
   _____/ /_  (_)___     / /_/ /_  (_)___  ____ ______
  / ___/ __ \/ / __ \   / __/ __ \/ / __ \/ __ `/ ___/
 (__  ) / / / / /_/ /  / /_/ / / / / / / / /_/ (__  )
/____/_/ /_/_/ .___/   \__/_/ /_/_/_/ /_/\__, /____/
            /_/                         /____/
  

Hello!

- Open Source https://vercel.com/oss
- Careers https://vercel.com/careers
- Status https://vercel-status.com

 font-family: "Geist Mono", monospace; white-space: pre; line-height: 1; @ https://vercel.com/_next/static/chunks/1lqhfr_v8dbhg.js?dpl=dpl_42zvXPNRXY9Mm9bRWZu4usgZawTd:78
[    1911ms] [WARNING] Deprecated API for given entry type. @ https://vercel.com/_next/static/chunks/2h_unza8lnix5.js?dpl=dpl_42zvXPNRXY9Mm9bRWZu4usgZawTd:18
[    2174ms] [ERROR] Failed to load resource: the server responded with a status of 403 () @ https://vercel.com/api/jwt:0
[    2205ms] [WARNING] [GSI_LOGGER]: Your client application uses one of the Google One Tap prompt UI status methods that may stop functioning when FedCM becomes mandatory. Refer to the migration guide to update your code accordingly and opt-in to FedCM to test your changes. Learn more: https://developers.google.com/identity/gsi/web/guides/fedcm-migration?s=dc#display_moment and https://developers.google.com/identity/gsi/web/guides/fedcm-migration?s=dc#skipped_moment @ https://vercel.com/_next/static/chunks/2h_unza8lnix5.js?dpl=dpl_42zvXPNRXY9Mm9bRWZu4usgZawTd:16
[    2267ms] [ERROR] Not signed in with the identity provider. @ https://vercel.com/login?next=%2Fsso-api%3Furl%3Dhttps%253A%252F%252Ftravel-tracking-16uttxitz-fanniem74s-projects.vercel.app%252Fauth%252Fregister%26nonce%3Dbcacd2a07ed1f6e1a29a6ab47a12685426446a2431a14c9d552cd451ce61f418:0
[    5527ms] [WARNING] The resource https://vercel.com/_next/static/media/stripe-dark.16ozjth2vgb_3.svg?dpl=dpl_42zvXPNRXY9Mm9bRWZu4usgZawTd was preloaded using link preload but not used within a few seconds from the window's load event. Please make sure it has an appropriate `as` value and it is preloaded intentionally. @ https://vercel.com/login?next=%2Fsso-api%3Furl%3Dhttps%253A%252F%252Ftravel-tracking-16uttxitz-fanniem74s-projects.vercel.app%252Fauth%252Fregister%26nonce%3Dbcacd2a07ed1f6e1a29a6ab47a12685426446a2431a14c9d552cd451ce61f418:0
[    5527ms] [WARNING] The resource https://vercel.com/_next/static/media/ebay-dark.34mho2a18qqlt.svg?dpl=dpl_42zvXPNRXY9Mm9bRWZu4usgZawTd was preloaded using link preload but not used within a few seconds from the window's load event. Please make sure it has an appropriate `as` value and it is preloaded intentionally. @ https://vercel.com/login?next=%2Fsso-api%3Furl%3Dhttps%253A%252F%252Ftravel-tracking-16uttxitz-fanniem74s-projects.vercel.app%252Fauth%252Fregister%26nonce%3Dbcacd2a07ed1f6e1a29a6ab47a12685426446a2431a14c9d552cd451ce61f418:0
[    5527ms] [WARNING] The resource https://vercel.com/_next/static/chunks/0aw3ic5idiiqw.css?dpl=dpl_42zvXPNRXY9Mm9bRWZu4usgZawTd was preloaded using link preload but not used within a few seconds from the window's load event. Please make sure it has an appropriate `as` value and it is preloaded intentionally. @ https://vercel.com/login?next=%2Fsso-api%3Furl%3Dhttps%253A%252F%252Ftravel-tracking-16uttxitz-fanniem74s-projects.vercel.app%252Fauth%252Fregister%26nonce%3Dbcacd2a07ed1f6e1a29a6ab47a12685426446a2431a14c9d552cd451ce61f418:0
[    5527ms] [WARNING] The resource https://vercel.com/_next/static/chunks/3yhhigzsi2k6d.css?dpl=dpl_42zvXPNRXY9Mm9bRWZu4usgZawTd was preloaded using link preload but not used within a few seconds from the window's load event. Please make sure it has an appropriate `as` value and it is preloaded intentionally. @ https://vercel.com/login?next=%2Fsso-api%3Furl%3Dhttps%253A%252F%252Ftravel-tracking-16uttxitz-fanniem74s-projects.vercel.app%252Fauth%252Fregister%26nonce%3Dbcacd2a07ed1f6e1a29a6ab47a12685426446a2431a14c9d552cd451ce61f418:0
[    5527ms] [WARNING] The resource https://vercel.com/_next/static/chunks/3zh4ff4r2p8nj.css?dpl=dpl_42zvXPNRXY9Mm9bRWZu4usgZawTd was preloaded using link preload but not used within a few seconds from the window's load event. Please make sure it has an appropriate `as` value and it is preloaded intentionally. @ https://vercel.com/login?next=%2Fsso-api%3Furl%3Dhttps%253A%252F%252Ftravel-tracking-16uttxitz-fanniem74s-projects.vercel.app%252Fauth%252Fregister%26nonce%3Dbcacd2a07ed1f6e1a29a6ab47a12685426446a2431a14c9d552cd451ce61f418:0
[    5527ms] [WARNING] The resource https://vercel.com/_next/static/media/stripe-light.2l_1jctpe6k_4.svg?dpl=dpl_42zvXPNRXY9Mm9bRWZu4usgZawTd was preloaded using link preload but not used within a few seconds from the window's load event. Please make sure it has an appropriate `as` value and it is preloaded intentionally. @ https://vercel.com/login?next=%2Fsso-api%3Furl%3Dhttps%253A%252F%252Ftravel-tracking-16uttxitz-fanniem74s-projects.vercel.app%252Fauth%252Fregister%26nonce%3Dbcacd2a07ed1f6e1a29a6ab47a12685426446a2431a14c9d552cd451ce61f418:0
[    5527ms] [WARNING] The resource https://vercel.com/_next/static/media/ebay-light.3ft_ki8203ov0.svg?dpl=dpl_42zvXPNRXY9Mm9bRWZu4usgZawTd was preloaded using link preload but not used within a few seconds from the window's load event. Please make sure it has an appropriate `as` value and it is preloaded intentionally. @ https://vercel.com/login?next=%2Fsso-api%3Furl%3Dhttps%253A%252F%252Ftravel-tracking-16uttxitz-fanniem74s-projects.vercel.app%252Fauth%252Fregister%26nonce%3Dbcacd2a07ed1f6e1a29a6ab47a12685426446a2431a14c9d552cd451ce61f418:0
[    5527ms] [WARNING] The resource https://vercel.com/_next/static/media/adobe-light.406_7oryl71va.svg?dpl=dpl_42zvXPNRXY9Mm9bRWZu4usgZawTd was preloaded using link preload but not used within a few seconds from the window's load event. Please make sure it has an appropriate `as` value and it is preloaded intentionally. @ https://vercel.com/login?next=%2Fsso-api%3Furl%3Dhttps%253A%252F%252Ftravel-tracking-16uttxitz-fanniem74s-projects.vercel.app%252Fauth%252Fregister%26nonce%3Dbcacd2a07ed1f6e1a29a6ab47a12685426446a2431a14c9d552cd451ce61f418:0
